test/java/Framework/setupFramework_Backup.class
test/java/Framework/setupFramework_Local.class
Framework/vbsMsgBox.class
test/java/PageObjectClass/HomePage_PageObjects.class
test/java/formWorkflow/formsWorkflowPart2.class
test/java/userAccessGroup/userAccessGroupsPart3ORIGINAL.class
Execution/javaScriptTesting.class
Framework/stringUtilities.class
Framework/vbsExecutor2.class
POM/TestBaseSetup.class
test/java/userAccessGroup/z_userAccessGroupsOLD_BACKUP.class
test/java/sample_Test/TestHTMLBox.class
Framework/dateAndTimeMethods.class
Framework/dismissCertificateNotPresent.class
test/java/Framework/TestData.class
zArchive/arrays.class
Execution/simpleTest.class
test/java/Service_TEst/serviceChiefsBACKUP.class
test/java/adminPage/adminPageTest.class
test/java/Framework/stringUtilities.class
test/java/OrganizationChart/orgChartWorkflow.class
Execution/TestJS.class
Framework/browserUtilities.class
Execution/userAccessGroupsPart3ORIGINAL.class
Execution/userAccessGroupsPart3.class
test/java/POM/TestBaseSetup.class
Framework/FileLogger.class
Execution/TestingNewRequestWorkflow.class
test/java/Framework/javascriptExecutor.class
Execution/formsWorkflowPart2.class
Framework/waitMethods.class
test/java/Framework/AppVariables.class
test/java/PageObjectClass/adminUserAccess_PageObjects.class
Execution/serviceChiefs.class
Execution/_TestNG_FrameworkRefactor.class
Execution/_testTemplate.class
Execution/organizationalChart.class
POM/BasePage.class
Framework/setupFramework_Local.class
test/java/formWorkflow/formsWorkflow.class
test/TestAdvancedFormatting.class
test/java/Request_WorkFlow/newRequestWorkflow.class
test/java/userAccessGroup/userAccessGroups.class
test/java/Framework/_frameworkTemplate.class
Execution/formsWorkflow.class
Execution/reportBuilderWorkflow.class
Execution/userAccessGroupsPart_BACKUP.class
test/reportBuilderWorkflow.class
test/java/Framework/browserHandles.class
test/java/Framework/dismissCertificateNotPresent.class
test/java/Framework/vbsExecutor.class
Execution/serviceChiefsBACKUP.class
test/java/PageObjectClass/FormWorkflow_PageObjects.class
test/java/Framework/highlightElement.class
test/java/POM/CreateAnAccounTest.class
test/java/POM/BasePageTest.class
test/java/Framework/elementLocator.class
test/java/adminPage/adminUserAccessTest.class
test/java/HomePage/homePageTest.class
Framework/setupFramework.class
Framework/_frameworkTemplate.class
test/java/Request_WorkFlow/TestingNewRequestWorkflow.class
test/java/formWorkflow/formWorkflow_Test.class
test/java/userAccessGroup/userAccessGroupsPart_BACKUP.class
Execution/formsWorkflowPart3.class
Framework/vbsExecutor.class
Framework/javascriptExecutor.class
Execution/newRequestWorkflow.class
test/java/CurrentMethod/_currentMethod.class
zArchive/GuessingGame.class
test/java/BaseMethods/InitializeBrowser.class
test/java/BaseMethods/SetUpTest.class
Framework/TestData.class
Execution/userAccessGroupsPart2.class
Execution/orgChartWorkflow.class
Execution/TestHTMLBox.class
Execution/_currentMethod.class
Execution/adminUserAccessTest.class
test/java/sample_Test/simpleTest.class
zArchive/Authentication.class
Execution/homePageTest.class
POM/SignInPageTest.class
test/java/Framework/dateAndTimeMethods.class
test/java/formWorkflow/formsWorkflowPart3.class
test/java/PageObjectClass/currentMethods_PageObjects.class
zArchive/_Documentation.class
POM/BasePageTest.class
test/java/Framework/vbsExecutor2.class
test/java/OrganizationChart/organizationalChart.class
test/java/BaseMethods/BaseClass.class
test/java/sample_Test/TestJS.class
zArchive/CreateXML.class
test/java/POM/SignInPageTest.class
test/java/sample_Test/_TestNG_FrameworkRefactor.class
Execution/TestAdvancedFormatting.class
test/java/POM/SignInPage.class
POM/CreateAccountPage.class
Execution/adminPageTest.class
test/java/userAccessGroup/userAccessGroupsPart3.class
test/java/PageObjectClass/orgChartWorkFlow_PageObjects.class
Execution/userAccessGroups.class
Framework/AppVariables.class
test/java/sample_Test/_testTemplate.class
Framework/highlightElement.class
test/java/PageObjectClass/AdminTestPageObjects.class
Framework/browserHandles.class
Execution/testVBS.class
Framework/setupFramework_Backup.class
test/java/PageObjectClass/formsWorkFlow_PageObjects.class
test/java/Framework/FileLogger.class
POM/CreateAnAccounTest.class
test/java/Service_TEst/serviceChiefs.class
test/java/adminPage/AdminPage_Test.class
Execution/z_userAccessGroupsOLD_BACKUP.class
test/java/POM/BasePage.class
test/java/userAccessGroup/userAccessGroupsPart2.class
test/java/sample_Test/javaScriptTesting.class
test/testVBS.class
test/java/Framework/waitMethods.class
Framework/elementLocator.class
POM/SignInPage.class
test/java/Framework/setupFramework.class
test/java/POM/CreateAccountPage.class
test/java/Framework/vbsMsgBox.class
test/java/Framework/browserUtilities.class
