test/java/formWorkflow/formWorkflow_Test.class
test/java/Framework/setupFramework_Backup.class
test/java/Framework/setupFramework_Local.class
test/java/userAccessGroup/userAccessGroupsPart_BACKUP.class
test/java/PageObjectClass/HomePage_PageObjects.class
test/java/formWorkflow/formsWorkflowPart2.class
test/java/CurrentMethod/_currentMethod.class
test/java/userAccessGroup/userAccessGroupsPart3ORIGINAL.class
test/java/BaseMethods/InitializeBrowser.class
test/java/BaseMethods/SetUpTest.class
test/java/userAccessGroup/z_userAccessGroupsOLD_BACKUP.class
test/java/sample_Test/TestHTMLBox.class
test/java/Framework/TestData.class
test/java/Service_TEst/serviceChiefsBACKUP.class
test/java/adminPage/adminPageTest.class
test/java/Framework/stringUtilities.class
test/java/OrganizationChart/orgChartWorkflow.class
test/java/sample_Test/simpleTest.class
test/java/Framework/dateAndTimeMethods.class
test/java/formWorkflow/formsWorkflowPart3.class
test/java/POM/TestBaseSetup.class
test/java/PageObjectClass/currentMethods_PageObjects.class
test/java/Framework/javascriptExecutor.class
test/java/Framework/vbsExecutor2.class
test/java/OrganizationChart/organizationalChart.class
test/java/BaseMethods/BaseClass.class
test/java/sample_Test/TestJS.class
test/java/Framework/AppVariables.class
test/java/POM/SignInPageTest.class
test/java/PageObjectClass/adminUserAccess_PageObjects.class
test/java/sample_Test/_TestNG_FrameworkRefactor.class
test/java/POM/SignInPage.class
test/java/formWorkflow/formsWorkflow.class
test/java/userAccessGroup/userAccessGroupsPart3.class
test/java/PageObjectClass/orgChartWorkFlow_PageObjects.class
test/java/Request_WorkFlow/newRequestWorkflow.class
test/java/userAccessGroup/userAccessGroups.class
test/java/Framework/_frameworkTemplate.class
test/java/sample_Test/_testTemplate.class
test/java/Framework/browserHandles.class
test/java/Framework/dismissCertificateNotPresent.class
test/java/Framework/vbsExecutor.class
test/java/PageObjectClass/AdminTestPageObjects.class
test/java/PageObjectClass/FormWorkflow_PageObjects.class
test/java/Framework/highlightElement.class
test/java/POM/CreateAnAccounTest.class
test/java/PageObjectClass/formsWorkFlow_PageObjects.class
test/java/Framework/FileLogger.class
test/java/Service_TEst/serviceChiefs.class
test/java/adminPage/AdminPage_Test.class
test/java/POM/BasePage.class
test/java/POM/BasePageTest.class
test/java/Framework/elementLocator.class
test/java/userAccessGroup/userAccessGroupsPart2.class
test/java/adminPage/adminUserAccessTest.class
test/java/sample_Test/javaScriptTesting.class
test/java/Framework/waitMethods.class
test/java/Framework/setupFramework.class
test/java/HomePage/homePageTest.class
test/java/POM/CreateAccountPage.class
test/java/Framework/vbsMsgBox.class
test/java/Framework/browserUtilities.class
test/java/Request_WorkFlow/TestingNewRequestWorkflow.class
