/app/src/test/java/Framework/AppVariables.java
/app/src/test/java/Framework/TestData.java
/app/src/test/java/adminPage/adminPageTest.java
/app/src/test/java/userAccessGroup/userAccessGroupsPart3.java
/app/src/test/java/Request_WorkFlow/TestingNewRequestWorkflow.java
/app/src/test/java/formWorkflow/formsWorkflow.java
/app/src/test/java/OrganizationChart/orgChartWorkflow.java
/app/src/test/java/Service_TEst/serviceChiefsBACKUP.java
/app/src/test/java/POM/TestBaseSetup.java
/app/src/test/java/sample_Test/TestJS.java
/app/src/test/java/POM/SignInPage.java
/app/src/test/java/POM/CreateAccountPage.java
/app/src/test/java/Service_TEst/serviceChiefs.java
/app/src/test/java/userAccessGroup/userAccessGroups.java
/app/src/test/java/Framework/vbsMsgBox.java
/app/src/test/java/Framework/setupFramework.java
/app/src/test/java/adminPage/adminUserAccessTest.java
/app/src/test/java/userAccessGroup/userAccessGroupsPart3ORIGINAL.java
/app/src/test/java/Framework/waitMethods.java
/app/src/test/java/Framework/_frameworkTemplate.java
/app/src/test/java/Framework/browserUtilities.java
/app/src/test/java/userAccessGroup/userAccessGroupsPart2.java
/app/src/test/java/formWorkflow/formWorkflow_Test.java
/app/src/test/java/BaseMethods/BaseClass.java
/app/src/test/java/POM/BasePage.java
/app/src/test/java/POM/BasePageTest.java
/app/src/test/java/formWorkflow/formsWorkflowPart3.java
/app/src/test/java/sample_Test/_TestNG_FrameworkRefactor.java
/app/src/test/java/Framework/vbsExecutor2.java
/app/src/test/java/PageObjectClass/currentMethods_PageObjects.java
/app/src/test/java/adminPage/AdminPage_Test.java
/app/src/test/java/sample_Test/_testTemplate.java
/app/src/test/java/sample_Test/simpleTest.java
/app/src/test/java/BaseMethods/InitializeBrowser.java
/app/src/test/java/Framework/dateAndTimeMethods.java
/app/src/test/java/Framework/javascriptExecutor.java
/app/src/test/java/PageObjectClass/FormWorkflow_PageObjects.java
/app/src/test/java/CurrentMethod/_currentMethod.java
/app/src/test/java/Framework/setupFramework_Local.java
/app/src/test/java/PageObjectClass/adminUserAccess_PageObjects.java
/app/src/test/java/formWorkflow/formsWorkflowPart2.java
/app/src/test/java/Framework/dismissCertificateNotPresent.java
/app/src/test/java/Framework/elementLocator.java
/app/src/test/java/sample_Test/TestHTMLBox.java
/app/src/test/java/POM/SignInPageTest.java
/app/src/test/java/Framework/vbsExecutor.java
/app/src/test/java/Request_WorkFlow/newRequestWorkflow.java
/app/src/test/java/PageObjectClass/formsWorkFlow_PageObjects.java
/app/src/test/java/userAccessGroup/userAccessGroupsPart_BACKUP.java
/app/src/test/java/PageObjectClass/HomePage_PageObjects.java
/app/src/test/java/HomePage/homePageTest.java
/app/src/test/java/POM/CreateAnAccounTest.java
/app/src/test/java/Framework/highlightElement.java
/app/src/test/java/OrganizationChart/organizationalChart.java
/app/src/test/java/PageObjectClass/orgChartWorkFlow_PageObjects.java
/app/src/test/java/Framework/browserHandles.java
/app/src/test/java/Framework/stringUtilities.java
/app/src/test/java/BaseMethods/SetUpTest.java
/app/src/test/java/Framework/FileLogger.java
/app/src/test/java/PageObjectClass/AdminTestPageObjects.java
/app/src/test/java/sample_Test/javaScriptTesting.java
/app/src/test/java/Framework/setupFramework_Backup.java
/app/src/test/java/userAccessGroup/z_userAccessGroupsOLD_BACKUP.java
